// Jest Snapshot v1, https://goo.gl/fbAQLP

exports[`Repository file preview component renders file HTML 1`] = `
<article
  class="file-holder limited-width-container readme-holder"
>
  <div
    class="js-file-title file-title-flex-parent"
  >
    <div
      class="file-header-content"
    >
      <gl-icon-stub
        name="doc-text"
        size="16"
      />
       
      <gl-link-stub
        href="http://test.com"
      >
        <strong>
          README.md
        </strong>
      </gl-link-stub>
    </div>
  </div>
   
  <div
    class="blob-viewer"
    data-qa-selector="blob_viewer_content"
    itemprop="about"
  >
    <div>
      <div
        class="blob"
      >
        test
      </div>
    </div>
  </div>
</article>
`;
