// Jest Snapshot v1, https://goo.gl/fbAQLP

exports[`Design reply form component renders button text as "Comment" when creating a comment 1`] = `
"<button data-track-action=\\"click_button\\" data-qa-selector=\\"save_comment_button\\" type=\\"submit\\" disabled=\\"disabled\\" class=\\"btn gl-mr-3 gl-w-auto! btn-confirm btn-md disabled gl-button\\">
  <!---->
  <!----> <span class=\\"gl-button-text\\">
      Comment
    </span></button>"
`;

exports[`Design reply form component renders button text as "Save comment" when creating a comment 1`] = `
"<button data-track-action=\\"click_button\\" data-qa-selector=\\"save_comment_button\\" type=\\"submit\\" disabled=\\"disabled\\" class=\\"btn gl-mr-3 gl-w-auto! btn-confirm btn-md disabled gl-button\\">
  <!---->
  <!----> <span class=\\"gl-button-text\\">
      Save comment
    </span></button>"
`;
