// Jest Snapshot v1, https://goo.gl/fbAQLP

exports[`DAG visualization parsing utilities generateColumnsFromLayersList matches the snapshot 1`] = `
Array [
  Object {
    "groups": Array [
      Object {
        "__typename": "CiGroup",
        "id": "4",
        "jobs": Array [
          Object {
            "__typename": "CiJob",
            "id": "6",
            "name": "build_a_nlfjkdnlvskfnksvjknlfdjvlvnjdkjdf_nvjkenjkrlngjeknjkl",
            "needs": Array [],
            "scheduledAt": null,
            "status": Object {
              "__typename": "DetailedStatus",
              "action": Object {
                "__typename": "StatusAction",
                "buttonTitle": "Retry this job",
                "icon": "retry",
                "id": "8",
                "path": "/root/abcd-dag/-/jobs/1482/retry",
                "title": "Retry",
              },
              "detailsPath": "/root/abcd-dag/-/jobs/1482",
              "group": "success",
              "hasDetails": true,
              "icon": "status_success",
              "id": "7",
              "tooltip": "passed",
            },
          },
        ],
        "name": "build_a_nlfjkdnlvskfnksvjknlfdjvlvnjdkjdf_nvjkenjkrlngjeknjkl",
        "size": 1,
        "stageName": "build",
        "status": Object {
          "__typename": "DetailedStatus",
          "group": "success",
          "icon": "status_success",
          "id": "5",
          "label": "passed",
        },
      },
      Object {
        "__typename": "CiGroup",
        "id": "9",
        "jobs": Array [
          Object {
            "__typename": "CiJob",
            "id": "11",
            "name": "build_b",
            "needs": Array [],
            "scheduledAt": null,
            "status": Object {
              "__typename": "DetailedStatus",
              "action": Object {
                "__typename": "StatusAction",
                "buttonTitle": "Retry this job",
                "icon": "retry",
                "id": "13",
                "path": "/root/abcd-dag/-/jobs/1515/retry",
                "title": "Retry",
              },
              "detailsPath": "/root/abcd-dag/-/jobs/1515",
              "group": "success",
              "hasDetails": true,
              "icon": "status_success",
              "id": "12",
              "tooltip": "passed",
            },
          },
        ],
        "name": "build_b",
        "size": 1,
        "stageName": "build",
        "status": Object {
          "__typename": "DetailedStatus",
          "group": "success",
          "icon": "status_success",
          "id": "10",
          "label": "passed",
        },
      },
      Object {
        "__typename": "CiGroup",
        "id": "14",
        "jobs": Array [
          Object {
            "__typename": "CiJob",
            "id": "16",
            "name": "build_c",
            "needs": Array [],
            "scheduledAt": null,
            "status": Object {
              "__typename": "DetailedStatus",
              "action": Object {
                "__typename": "StatusAction",
                "buttonTitle": "Retry this job",
                "icon": "retry",
                "id": "18",
                "path": "/root/abcd-dag/-/jobs/1484/retry",
                "title": "Retry",
              },
              "detailsPath": "/root/abcd-dag/-/jobs/1484",
              "group": "success",
              "hasDetails": true,
              "icon": "status_success",
              "id": "17",
              "tooltip": "passed",
            },
          },
        ],
        "name": "build_c",
        "size": 1,
        "stageName": "build",
        "status": Object {
          "__typename": "DetailedStatus",
          "group": "success",
          "icon": "status_success",
          "id": "15",
          "label": "passed",
        },
      },
      Object {
        "__typename": "CiGroup",
        "id": "19",
        "jobs": Array [
          Object {
            "__typename": "CiJob",
            "id": "21",
            "name": "build_d 1/3",
            "needs": Array [],
            "scheduledAt": null,
            "status": Object {
              "__typename": "DetailedStatus",
              "action": Object {
                "__typename": "StatusAction",
                "buttonTitle": "Retry this job",
                "icon": "retry",
                "id": "23",
                "path": "/root/abcd-dag/-/jobs/1485/retry",
                "title": "Retry",
              },
              "detailsPath": "/root/abcd-dag/-/jobs/1485",
              "group": "success",
              "hasDetails": true,
              "icon": "status_success",
              "id": "22",
              "tooltip": "passed",
            },
          },
          Object {
            "__typename": "CiJob",
            "id": "24",
            "name": "build_d 2/3",
            "needs": Array [],
            "scheduledAt": null,
            "status": Object {
              "__typename": "DetailedStatus",
              "action": Object {
                "__typename": "StatusAction",
                "buttonTitle": "Retry this job",
                "icon": "retry",
                "id": "26",
                "path": "/root/abcd-dag/-/jobs/1486/retry",
                "title": "Retry",
              },
              "detailsPath": "/root/abcd-dag/-/jobs/1486",
              "group": "success",
              "hasDetails": true,
              "icon": "status_success",
              "id": "25",
              "tooltip": "passed",
            },
          },
          Object {
            "__typename": "CiJob",
            "id": "27",
            "name": "build_d 3/3",
            "needs": Array [],
            "scheduledAt": null,
            "status": Object {
              "__typename": "DetailedStatus",
              "action": Object {
                "__typename": "StatusAction",
                "buttonTitle": "Retry this job",
                "icon": "retry",
                "id": "29",
                "path": "/root/abcd-dag/-/jobs/1487/retry",
                "title": "Retry",
              },
              "detailsPath": "/root/abcd-dag/-/jobs/1487",
              "group": "success",
              "hasDetails": true,
              "icon": "status_success",
              "id": "28",
              "tooltip": "passed",
            },
          },
        ],
        "name": "build_d",
        "size": 3,
        "stageName": "build",
        "status": Object {
          "__typename": "DetailedStatus",
          "group": "success",
          "icon": "status_success",
          "id": "20",
          "label": "passed",
        },
      },
      Object {
        "__typename": "CiGroup",
        "id": "57",
        "jobs": Array [
          Object {
            "__typename": "CiJob",
            "id": "59",
            "name": "test_c",
            "needs": Array [],
            "scheduledAt": null,
            "status": Object {
              "__typename": "DetailedStatus",
              "action": null,
              "detailsPath": "/root/kinder-pipe/-/pipelines/154",
              "group": "success",
              "hasDetails": true,
              "icon": "status_success",
              "id": "60",
              "tooltip": null,
            },
          },
        ],
        "name": "test_c",
        "size": 1,
        "stageName": "test",
        "status": Object {
          "__typename": "DetailedStatus",
          "group": "success",
          "icon": "status_success",
          "id": "58",
          "label": null,
        },
      },
    ],
    "id": "layer-0",
    "name": "",
    "status": Object {
      "action": null,
    },
  },
  Object {
    "groups": Array [
      Object {
        "__typename": "CiGroup",
        "id": "32",
        "jobs": Array [
          Object {
            "__typename": "CiJob",
            "id": "34",
            "name": "test_a",
            "needs": Array [
              "build_c",
              "build_b",
              "build_a_nlfjkdnlvskfnksvjknlfdjvlvnjdkjdf_nvjkenjkrlngjeknjkl",
            ],
            "scheduledAt": null,
            "status": Object {
              "__typename": "DetailedStatus",
              "action": Object {
                "__typename": "StatusAction",
                "buttonTitle": "Retry this job",
                "icon": "retry",
                "id": "36",
                "path": "/root/abcd-dag/-/jobs/1514/retry",
                "title": "Retry",
              },
              "detailsPath": "/root/abcd-dag/-/jobs/1514",
              "group": "success",
              "hasDetails": true,
              "icon": "status_success",
              "id": "35",
              "tooltip": "passed",
            },
          },
        ],
        "name": "test_a",
        "size": 1,
        "stageName": "test",
        "status": Object {
          "__typename": "DetailedStatus",
          "group": "success",
          "icon": "status_success",
          "id": "33",
          "label": "passed",
        },
      },
      Object {
        "__typename": "CiGroup",
        "id": "40",
        "jobs": Array [
          Object {
            "__typename": "CiJob",
            "id": "42",
            "name": "test_b 1/2",
            "needs": Array [
              "build_d 3/3",
              "build_d 2/3",
              "build_d 1/3",
              "build_b",
              "build_a_nlfjkdnlvskfnksvjknlfdjvlvnjdkjdf_nvjkenjkrlngjeknjkl",
            ],
            "scheduledAt": null,
            "status": Object {
              "__typename": "DetailedStatus",
              "action": Object {
                "__typename": "StatusAction",
                "buttonTitle": "Retry this job",
                "icon": "retry",
                "id": "44",
                "path": "/root/abcd-dag/-/jobs/1489/retry",
                "title": "Retry",
              },
              "detailsPath": "/root/abcd-dag/-/jobs/1489",
              "group": "success",
              "hasDetails": true,
              "icon": "status_success",
              "id": "43",
              "tooltip": "passed",
            },
          },
          Object {
            "__typename": "CiJob",
            "id": "67",
            "name": "test_b 2/2",
            "needs": Array [
              "build_d 3/3",
              "build_d 2/3",
              "build_d 1/3",
              "build_b",
              "build_a_nlfjkdnlvskfnksvjknlfdjvlvnjdkjdf_nvjkenjkrlngjeknjkl",
            ],
            "scheduledAt": null,
            "status": Object {
              "__typename": "DetailedStatus",
              "action": Object {
                "__typename": "StatusAction",
                "buttonTitle": "Retry this job",
                "icon": "retry",
                "id": "51",
                "path": "/root/abcd-dag/-/jobs/1490/retry",
                "title": "Retry",
              },
              "detailsPath": "/root/abcd-dag/-/jobs/1490",
              "group": "success",
              "hasDetails": true,
              "icon": "status_success",
              "id": "50",
              "tooltip": "passed",
            },
          },
        ],
        "name": "test_b",
        "size": 2,
        "stageName": "test",
        "status": Object {
          "__typename": "DetailedStatus",
          "group": "success",
          "icon": "status_success",
          "id": "41",
          "label": "passed",
        },
      },
      Object {
        "__typename": "CiGroup",
        "id": "61",
        "jobs": Array [
          Object {
            "__typename": "CiJob",
            "id": "53",
            "name": "test_d",
            "needs": Array [
              "build_b",
            ],
            "scheduledAt": null,
            "status": Object {
              "__typename": "DetailedStatus",
              "action": null,
              "detailsPath": "/root/abcd-dag/-/pipelines/153",
              "group": "success",
              "hasDetails": true,
              "icon": "status_success",
              "id": "64",
              "tooltip": null,
            },
          },
        ],
        "name": "test_d",
        "size": 1,
        "stageName": "test",
        "status": Object {
          "__typename": "DetailedStatus",
          "group": "success",
          "icon": "status_success",
          "id": "62",
          "label": null,
        },
      },
    ],
    "id": "layer-1",
    "name": "",
    "status": Object {
      "action": null,
    },
  },
]
`;
