// Jest Snapshot v1, https://goo.gl/fbAQLP

exports[`DependencyRow renders full dependency 1`] = `
<div
  class="gl-responsive-table-row"
>
  <div
    class="table-section section-50"
  >
    <strong
      class="gl-text-body"
    >
      Ninject.Extensions.Factory
    </strong>
     
    <span
      data-testid="target-framework"
    >
      
      (.NETCoreApp3.1)
    
    </span>
  </div>
   
  <div
    class="table-section section-50 gl-display-flex gl-md-justify-content-end"
    data-testid="version-pattern"
  >
    <span
      class="gl-text-body"
    >
      3.3.2
    </span>
  </div>
</div>
`;
