// Jest Snapshot v1, https://goo.gl/fbAQLP

exports[`NpmInstallation renders all the messages 1`] = `
<div>
  <installation-title-stub
    options="[object Object],[object Object]"
    packagetype="npm"
  />
   
  <code-instruction-stub
    copytext="Copy npm command"
    instruction="npm i @gitlab-org/package-15"
    label=""
    trackingaction="copy_npm_install_command"
    trackinglabel="code_instruction"
  />
   
  <h3
    class="gl-font-lg"
  >
    Registry setup
  </h3>
   
  <gl-form-radio-group-stub
    checked="instance"
    disabledfield="disabled"
    htmlfield="html"
    options="[object Object],[object Object]"
    textfield="text"
    valuefield="value"
  />
   
  <code-instruction-stub
    copytext="Copy npm setup command"
    instruction="echo @gitlab-org:registry=npmPath/ >> .npmrc"
    label=""
    trackingaction="copy_npm_setup_command"
    trackinglabel="code_instruction"
  />
   
  <gl-sprintf-stub
    message="You may also need to setup authentication using an auth token. %{linkStart}See the documentation%{linkEnd} to find out more."
  />
</div>
`;
